C51 COMPILER V9.60.7.0   I2C_M                                                             08/09/2023 14:36:59 PAGE 1   


C51 COMPILER V9.60.7.0, COMPILATION OF MODULE I2C_M
OBJECT MODULE PLACED IN .\Output\I2C_M.obj
COMPILER INVOKED BY: C:\Keil_v5\C51\BIN\C51.EXE ..\main.c LARGE OMF2 OPTIMIZE(7,SPEED) BROWSE INCDIR(..\..\..\..\Librar
                    -y\Device\Include;..\..\..\..\Library\StdDriver\inc) DEBUG PRINT(.\lst\I2C_M.lst) TABS(2) OBJECT(.\Output\I2C_M.obj)

line level    source

   1          #include "MS51_16K.h"
   2          #include "uart.h"
   3          #include "I2C_Mod.h"
   4          #include "delay.h"
   5          
   6          
   7          void main(void)
   8          {
   9   1          /* Note
  10   1             MCU power on system clock is HIRC (22.1184MHz), so Fsys = 22.1184MHz
  11   1          */
  12   1          MODIFY_HIRC(HIRC_24);
  13   1          P06_QUASI_MODE;
  14   1          UART_Open(24000000,UART0_Timer3,115200);
  15   1          ENABLE_UART0_PRINTF; /* check uart.c */
  16   1          
  17   1          I2C_Init();                                 /* initial I2C circuit  */
  18   1          I2C_Write(0x53, "TAHIR", 5);                          /* I2C Master will send 10 byte 0x55,0xAA,.... t
             -o slave */
  19   1        
  20   1          
  21   1          while (1) {
  22   2              UART_Send_Data(UART0,'A');      /* check uart.c*/
  23   2              Timer0_Delay(16000000,200,1000);            /* check delay.c*/
  24   2           UART_Send_Data(UART0,'B');      /* check uart.c*/
  25   2              Timer0_Delay(16000000,200,1000);            /* check delay.c*/
  26   2         UART_Send_Data(UART0,'C');      /* check uart.c*/
  27   2              Timer0_Delay(16000000,200,1000);            /* check delay.c*/
  28   2         UART_Send_Data(UART0,'D');      /* check uart.c*/
  29   2              Timer0_Delay(16000000,200,1000);            /* check delay.c*/
  30   2        
  31   2          }
  32   1      
  33   1      /* =================== */
  34   1      }
  35          


MODULE INFORMATION:   STATIC OVERLAYABLE
   CODE SIZE        =    462    ----
   CONSTANT SIZE    =      6    ----
   XDATA SIZE       =   ----      10
   PDATA SIZE       =   ----    ----
   DATA SIZE        =   ----    ----
   IDATA SIZE       =   ----    ----
   BIT SIZE         =   ----    ----
   EDATA SIZE       =   ----    ----
   HDATA SIZE       =   ----    ----
   XDATA CONST SIZE =   ----    ----
   FAR CONST SIZE   =   ----    ----
END OF MODULE INFORMATION.


C51 COMPILATION COMPLETE.  0 WARNING(S),  0 ERROR(S)
